
Initialized model with pretrained weights from https://download.pytorch.org/models/resnet50-19c8e357.pth
Initialized model with pretrained weights from https://download.pytorch.org/models/resnet50-19c8e357.pth
cuda:0
Test on 42800 samples
Test Accuracy: 85.54% <--- original checkpoint on whole testset

Initialized model with pretrained weights from https://download.pytorch.org/models/resnet50-19c8e357.pth
cuda:0
model loaded
criterion loaded
Test on 42800 samples
Test Accuracy: 98.31% <--- trained a central model, test on whole dataset (this is not correct)
Initialized model with pretrained weights from https://download.pytorch.org/models/resnet50-19c8e357.pth
cuda:0
model loaded
criterion loaded
Test on 8560 samples 
Test Accuracy: 94.58% <--- trained a central model, test only on the eval set
Initialized model with pretrained weights from https://download.pytorch.org/models/resnet50-19c8e357.pth
Loading pre-trained model from:  ../pretrained/fl_2clients/model_30.pth
cuda:0
model loaded
criterion loaded
Initialized model with pretrained weights from https://download.pytorch.org/models/resnet50-19c8e357.pth
Loading pre-trained model from:  ../pretrained/fl_2clients/model_15.pth
cuda:0
criterion loaded
Test on 6857 samples
Test Accuracy: 91.45% <--- trained a FL model with 2 clients on round 15, test on seperated testset
Initialized model with pretrained weights from https://download.pytorch.org/models/resnet50-19c8e357.pth
Loading pre-trained model from:  ../pretrained/fl_2clients/model_30.pth
cuda:0
criterion loaded
Test on 6857 samples
Test Accuracy: 92.69% <--- trained a FL model with 2 clients on round 30, test on seperated testset
